// Jest Snapshot v1, https://goo.gl/fbAQLP

exports[`<Intro /> Snapshot 1`] = `
<div
  className="intro"
/>
`;
