// Jest Snapshot v1, https://goo.gl/fbAQLP

exports[`<Main /> Snapshot 1`] = `
<div
  className="jsx-1439403121 main "
/>
`;
