// Jest Snapshot v1, https://goo.gl/fbAQLP

exports[`<Page /> Snapshot 1`] = `
<div>
  <div
    className="jsx-1439403121 main "
  />
</div>
`;
