// Jest Snapshot v1, https://goo.gl/fbAQLP

exports[`<Head /> Snapshot 1`] = `null`;
