// Jest Snapshot v1, https://goo.gl/fbAQLP

exports[`<Loading /> Snapshot 1`] = `
<div
  className="jsx-2108094180 loading-wrapper "
>
  <div
    className="jsx-2108094180 loading"
  />
</div>
`;
