// Jest Snapshot v1, https://goo.gl/fbAQLP

exports[`<Navigation /> Snapshot 1`] = `
<div
  className="navigation"
>
  <a
    className="link"
    href="#"
    onClick={[Function]}
  >
    Home
  </a>
  <a
    className="link"
    href="#"
    onClick={[Function]}
  >
    Posts
  </a>
  <a
    className="link"
    href="#"
    onClick={[Function]}
  >
    Counter
  </a>
</div>
`;
